------------------------------------------------------------
TimeQuest Timing Analyzer Summary
------------------------------------------------------------

Type  : Slow 1100mV 100C Model Setup 'clk'
Slack : -12.016
TNS   : -23293.620

Type  : Slow 1100mV 100C Model Hold 'clk'
Slack : 0.858
TNS   : 0.000

Type  : Slow 1100mV 100C Model Minimum Pulse Width 'clk'
Slack : -0.538
TNS   : -1914.048

Type  : Slow 1100mV -40C Model Setup 'clk'
Slack : -12.196
TNS   : -23108.182

Type  : Slow 1100mV -40C Model Hold 'clk'
Slack : 0.854
TNS   : 0.000

Type  : Slow 1100mV -40C Model Minimum Pulse Width 'clk'
Slack : -0.538
TNS   : -1961.475

Type  : Fast 1100mV 100C Model Setup 'clk'
Slack : -6.175
TNS   : -11142.078

Type  : Fast 1100mV 100C Model Hold 'clk'
Slack : 0.413
TNS   : 0.000

Type  : Fast 1100mV 100C Model Minimum Pulse Width 'clk'
Slack : -0.087
TNS   : -184.819

Type  : Fast 1100mV -40C Model Setup 'clk'
Slack : -5.128
TNS   : -9180.726

Type  : Fast 1100mV -40C Model Hold 'clk'
Slack : 0.359
TNS   : 0.000

Type  : Fast 1100mV -40C Model Minimum Pulse Width 'clk'
Slack : -0.090
TNS   : -198.027

------------------------------------------------------------
